// Jest Snapshot v1, https://goo.gl/fbAQLP

exports[`Result component matches a snapshot 1`] = `
<div
  className="Result"
>
  <pre>
    sample result
  </pre>
</div>
`;
