// Jest Snapshot v1, https://goo.gl/fbAQLP

exports[`Header component matches a snapshot 1`] = `
<div
  className="Header"
>
  <h1>
    POSTMAN
  </h1>
  <h2>
    A serverside application for visualizing responses to RESTful requests
  </h2>
</div>
`;
